// Jest Snapshot v1, https://goo.gl/fbAQLP

exports[`addUDFHelper error DependencyResolvePlugin doNotExist 1`] = `"unknown: Unknown helper doNotExist"`;

exports[`addUDFHelper error DependencyResolvePlugin doNotExportDefault 1`] = `"unknown: UDF Helpers must default-export something."`;

exports[`addUDFHelper error DependencyResolvePlugin doNotGiveName 1`] = `"unknown: UDF Helpers should give names to their exported func declaration (This is an error on an internal node. Probably an internal error.)"`;

exports[`addUDFHelper error DependencyResolvePlugin exportAll 1`] = `"unknown: UDF Helpers can only export default (This is an error on an internal node. Probably an internal error.)"`;

exports[`addUDFHelper error DependencyResolvePlugin exportNamed 1`] = `"unknown: UDF Helpers can only export default (This is an error on an internal node. Probably an internal error.)"`;

exports[`addUDFHelper error DependencyResolvePlugin expression 1`] = `"unknown: UDF Helpers must be a function declaration (This is an error on an internal node. Probably an internal error.)"`;

exports[`addUDFHelper error DependencyResolvePlugin importNamed 1`] = `"unknown: UDF Helpers can only import a default value (This is an error on an internal node. Probably an internal error.)"`;

exports[`addUDFHelper error core_ext Not found UDF helpers 1`] = `"unknown: Not found UDF helpers."`;

exports[`addUDFHelper error core_ext babelAlreadyDefined 1`] = `
"unknown: objectWithoutProperties cannot be used because it is supported by babel official.
Please change the name of the helper."
`;

exports[`addUDFHelper error core_ext babelImplemented BabelFile#addUDFHelper 1`] = `
"unknown: 
This tool cannot be used. officially supported.
Please see the official documentation.
https://babeljs.io/docs/en/babel-helpers
"
`;

exports[`addUDFHelper error core_ext babelImplemented BabelFile#listUDFHelper 1`] = `
"unknown: 
This tool cannot be used. officially supported.
Please see the official documentation.
https://babeljs.io/docs/en/babel-helpers
"
`;
